make[1]: Entering directory '/home/arthur/GitProjects/nocabfs'
mkdir -p mnt || true
./nufs -s -f mnt data.nufs
access(/, 0004)
  tree_lookup_pnum at path:"/"
s_split enter @:"/"
s_split flag 2
s_split enter @:""
s_split flag 4
!!!!!s_split assigning cons:""
!!!!!!!!s_split returning:""
getattr(/.xdg-volume-info)
  tree_lookup_pnum at path:"/.xdg-volume-info"
s_split enter @:"/.xdg-volume-info"
s_split flag 2
s_split enter @:".xdg-volume-info"
s_split flag 2
s_split enter @:""
s_split flag 4
!!!!!s_split assigning cons:".xdg-volume-info"
!!!!!!!!s_split returning:".xdg-volume-info"
s_split flag 4
!!!!!s_split assigning cons:""
!!!!!!!!s_split returning:""
    dir_lookup_pnum looking for:".xdg-volume-info"
      directory_lookup_pnum err
pnum: -2
getattr(/)
  tree_lookup_pnum at path:"/"
s_split enter @:"/"
s_split flag 2
s_split enter @:""
s_split flag 4
!!!!!s_split assigning cons:""
!!!!!!!!s_split returning:""
pnum: 1
uid: 1000
mode: 16877
getattr(/autorun.inf)
  tree_lookup_pnum at path:"/autorun.inf"
s_split enter @:"/autorun.inf"
s_split flag 2
s_split enter @:"autorun.inf"
s_split flag 2
s_split enter @:""
s_split flag 4
!!!!!s_split assigning cons:"autorun.inf"
!!!!!!!!s_split returning:"autorun.inf"
s_split flag 4
!!!!!s_split assigning cons:""
!!!!!!!!s_split returning:""
    dir_lookup_pnum looking for:"autorun.inf"
      directory_lookup_pnum err
pnum: -2
getattr(/.Trash)
  tree_lookup_pnum at path:"/.Trash"
s_split enter @:"/.Trash"
s_split flag 2
s_split enter @:".Trash"
s_split flag 2
s_split enter @:""
s_split flag 4
!!!!!s_split assigning cons:".Trash"
!!!!!!!!s_split returning:".Trash"
s_split flag 4
!!!!!s_split assigning cons:""
!!!!!!!!s_split returning:""
    dir_lookup_pnum looking for:".Trash"
      directory_lookup_pnum err
pnum: -2
getattr(/.Trash-1000)
  tree_lookup_pnum at path:"/.Trash-1000"
s_split enter @:"/.Trash-1000"
s_split flag 2
s_split enter @:".Trash-1000"
s_split flag 2
s_split enter @:""
s_split flag 4
!!!!!s_split assigning cons:".Trash-1000"
!!!!!!!!s_split returning:".Trash-1000"
s_split flag 4
!!!!!s_split assigning cons:""
!!!!!!!!s_split returning:""
    dir_lookup_pnum looking for:".Trash-1000"
      directory_lookup_pnum err
pnum: -2
readdir(/)
s_split enter @:"/"
s_split flag 2
s_split enter @:""
s_split flag 4
!!!!!s_split assigning cons:""
!!!!!!!!s_split returning:""
  tree_lookup_pnum at path:"/"
s_split enter @:"/"
s_split flag 2
s_split enter @:""
s_split flag 4
!!!!!s_split assigning cons:""
!!!!!!!!s_split returning:""
pnum: 1
uid: 1000
mode: 16877
getattr(/)
  tree_lookup_pnum at path:"/"
s_split enter @:"/"
s_split flag 2
s_split enter @:""
s_split flag 4
!!!!!s_split assigning cons:""
!!!!!!!!s_split returning:""
pnum: 1
uid: 1000
mode: 16877
readdir(/)
s_split enter @:"/"
s_split flag 2
s_split enter @:""
s_split flag 4
!!!!!s_split assigning cons:""
!!!!!!!!s_split returning:""
  tree_lookup_pnum at path:"/"
s_split enter @:"/"
s_split flag 2
s_split enter @:""
s_split flag 4
!!!!!s_split assigning cons:""
!!!!!!!!s_split returning:""
pnum: 1
uid: 1000
mode: 16877
getattr(/)
  tree_lookup_pnum at path:"/"
s_split enter @:"/"
s_split flag 2
s_split enter @:""
s_split flag 4
!!!!!s_split assigning cons:""
!!!!!!!!s_split returning:""
pnum: 1
uid: 1000
mode: 16877
readdir(/)
s_split enter @:"/"
s_split flag 2
s_split enter @:""
s_split flag 4
!!!!!s_split assigning cons:""
!!!!!!!!s_split returning:""
  tree_lookup_pnum at path:"/"
s_split enter @:"/"
s_split flag 2
s_split enter @:""
s_split flag 4
!!!!!s_split assigning cons:""
!!!!!!!!s_split returning:""
pnum: 1
uid: 1000
mode: 16877
getattr(/)
  tree_lookup_pnum at path:"/"
s_split enter @:"/"
s_split flag 2
s_split enter @:""
s_split flag 4
!!!!!s_split assigning cons:""
!!!!!!!!s_split returning:""
pnum: 1
uid: 1000
mode: 16877
readdir(/)
s_split enter @:"/"
s_split flag 2
s_split enter @:""
s_split flag 4
!!!!!s_split assigning cons:""
!!!!!!!!s_split returning:""
  tree_lookup_pnum at path:"/"
s_split enter @:"/"
s_split flag 2
s_split enter @:""
s_split flag 4
!!!!!s_split assigning cons:""
!!!!!!!!s_split returning:""
pnum: 1
uid: 1000
mode: 16877
getattr(/)
  tree_lookup_pnum at path:"/"
s_split enter @:"/"
s_split flag 2
s_split enter @:""
s_split flag 4
!!!!!s_split assigning cons:""
!!!!!!!!s_split returning:""
pnum: 1
uid: 1000
mode: 16877
readdir(/)
s_split enter @:"/"
s_split flag 2
s_split enter @:""
s_split flag 4
!!!!!s_split assigning cons:""
!!!!!!!!s_split returning:""
  tree_lookup_pnum at path:"/"
s_split enter @:"/"
s_split flag 2
s_split enter @:""
s_split flag 4
!!!!!s_split assigning cons:""
!!!!!!!!s_split returning:""
pnum: 1
uid: 1000
mode: 16877
getattr(/)
  tree_lookup_pnum at path:"/"
s_split enter @:"/"
s_split flag 2
s_split enter @:""
s_split flag 4
!!!!!s_split assigning cons:""
!!!!!!!!s_split returning:""
pnum: 1
uid: 1000
mode: 16877
readdir(/)
s_split enter @:"/"
s_split flag 2
s_split enter @:""
s_split flag 4
!!!!!s_split assigning cons:""
!!!!!!!!s_split returning:""
  tree_lookup_pnum at path:"/"
s_split enter @:"/"
s_split flag 2
s_split enter @:""
s_split flag 4
!!!!!s_split assigning cons:""
!!!!!!!!s_split returning:""
pnum: 1
uid: 1000
mode: 16877
getattr(/)
  tree_lookup_pnum at path:"/"
s_split enter @:"/"
s_split flag 2
s_split enter @:""
s_split flag 4
!!!!!s_split assigning cons:""
!!!!!!!!s_split returning:""
pnum: 1
uid: 1000
mode: 16877
readdir(/)
s_split enter @:"/"
s_split flag 2
s_split enter @:""
s_split flag 4
!!!!!s_split assigning cons:""
!!!!!!!!s_split returning:""
  tree_lookup_pnum at path:"/"
s_split enter @:"/"
s_split flag 2
s_split enter @:""
s_split flag 4
!!!!!s_split assigning cons:""
!!!!!!!!s_split returning:""
pnum: 1
uid: 1000
mode: 16877
getattr(/)
  tree_lookup_pnum at path:"/"
s_split enter @:"/"
s_split flag 2
s_split enter @:""
s_split flag 4
!!!!!s_split assigning cons:""
!!!!!!!!s_split returning:""
pnum: 1
uid: 1000
mode: 16877
readdir(/)
s_split enter @:"/"
s_split flag 2
s_split enter @:""
s_split flag 4
!!!!!s_split assigning cons:""
!!!!!!!!s_split returning:""
  tree_lookup_pnum at path:"/"
s_split enter @:"/"
s_split flag 2
s_split enter @:""
s_split flag 4
!!!!!s_split assigning cons:""
!!!!!!!!s_split returning:""
pnum: 1
uid: 1000
mode: 16877
getattr(/)
  tree_lookup_pnum at path:"/"
s_split enter @:"/"
s_split flag 2
s_split enter @:""
s_split flag 4
!!!!!s_split assigning cons:""
!!!!!!!!s_split returning:""
pnum: 1
uid: 1000
mode: 16877
readdir(/)
s_split enter @:"/"
s_split flag 2
s_split enter @:""
s_split flag 4
!!!!!s_split assigning cons:""
!!!!!!!!s_split returning:""
  tree_lookup_pnum at path:"/"
s_split enter @:"/"
s_split flag 2
s_split enter @:""
s_split flag 4
!!!!!s_split assigning cons:""
!!!!!!!!s_split returning:""
pnum: 1
uid: 1000
mode: 16877
getattr(/)
  tree_lookup_pnum at path:"/"
s_split enter @:"/"
s_split flag 2
s_split enter @:""
s_split flag 4
!!!!!s_split assigning cons:""
!!!!!!!!s_split returning:""
pnum: 1
uid: 1000
mode: 16877
readdir(/)
s_split enter @:"/"
s_split flag 2
s_split enter @:""
s_split flag 4
!!!!!s_split assigning cons:""
!!!!!!!!s_split returning:""
  tree_lookup_pnum at path:"/"
s_split enter @:"/"
s_split flag 2
s_split enter @:""
s_split flag 4
!!!!!s_split assigning cons:""
!!!!!!!!s_split returning:""
pnum: 1
uid: 1000
mode: 16877
getattr(/)
  tree_lookup_pnum at path:"/"
s_split enter @:"/"
s_split flag 2
s_split enter @:""
s_split flag 4
!!!!!s_split assigning cons:""
!!!!!!!!s_split returning:""
pnum: 1
uid: 1000
mode: 16877
readdir(/)
s_split enter @:"/"
s_split flag 2
s_split enter @:""
s_split flag 4
!!!!!s_split assigning cons:""
!!!!!!!!s_split returning:""
  tree_lookup_pnum at path:"/"
s_split enter @:"/"
s_split flag 2
s_split enter @:""
s_split flag 4
!!!!!s_split assigning cons:""
!!!!!!!!s_split returning:""
pnum: 1
uid: 1000
mode: 16877
getattr(/)
  tree_lookup_pnum at path:"/"
s_split enter @:"/"
s_split flag 2
s_split enter @:""
s_split flag 4
!!!!!s_split assigning cons:""
!!!!!!!!s_split returning:""
pnum: 1
uid: 1000
mode: 16877
readdir(/)
s_split enter @:"/"
s_split flag 2
s_split enter @:""
s_split flag 4
!!!!!s_split assigning cons:""
!!!!!!!!s_split returning:""
  tree_lookup_pnum at path:"/"
s_split enter @:"/"
s_split flag 2
s_split enter @:""
s_split flag 4
!!!!!s_split assigning cons:""
!!!!!!!!s_split returning:""
pnum: 1
uid: 1000
mode: 16877
getattr(/)
  tree_lookup_pnum at path:"/"
s_split enter @:"/"
s_split flag 2
s_split enter @:""
s_split flag 4
!!!!!s_split assigning cons:""
!!!!!!!!s_split returning:""
pnum: 1
uid: 1000
mode: 16877
readdir(/)
s_split enter @:"/"
s_split flag 2
s_split enter @:""
s_split flag 4
!!!!!s_split assigning cons:""
!!!!!!!!s_split returning:""
  tree_lookup_pnum at path:"/"
s_split enter @:"/"
s_split flag 2
s_split enter @:""
s_split flag 4
!!!!!s_split assigning cons:""
!!!!!!!!s_split returning:""
pnum: 1
uid: 1000
mode: 16877
getattr(/)
  tree_lookup_pnum at path:"/"
s_split enter @:"/"
s_split flag 2
s_split enter @:""
s_split flag 4
!!!!!s_split assigning cons:""
!!!!!!!!s_split returning:""
pnum: 1
uid: 1000
mode: 16877
readdir(/)
s_split enter @:"/"
s_split flag 2
s_split enter @:""
s_split flag 4
!!!!!s_split assigning cons:""
!!!!!!!!s_split returning:""
  tree_lookup_pnum at path:"/"
s_split enter @:"/"
s_split flag 2
s_split enter @:""
s_split flag 4
!!!!!s_split assigning cons:""
!!!!!!!!s_split returning:""
pnum: 1
uid: 1000
mode: 16877
getattr(/)
  tree_lookup_pnum at path:"/"
s_split enter @:"/"
s_split flag 2
s_split enter @:""
s_split flag 4
!!!!!s_split assigning cons:""
!!!!!!!!s_split returning:""
pnum: 1
uid: 1000
mode: 16877
readdir(/)
s_split enter @:"/"
s_split flag 2
s_split enter @:""
s_split flag 4
!!!!!s_split assigning cons:""
!!!!!!!!s_split returning:""
  tree_lookup_pnum at path:"/"
s_split enter @:"/"
s_split flag 2
s_split enter @:""
s_split flag 4
!!!!!s_split assigning cons:""
!!!!!!!!s_split returning:""
pnum: 1
uid: 1000
mode: 16877
getattr(/)
  tree_lookup_pnum at path:"/"
s_split enter @:"/"
s_split flag 2
s_split enter @:""
s_split flag 4
!!!!!s_split assigning cons:""
!!!!!!!!s_split returning:""
pnum: 1
uid: 1000
mode: 16877
readdir(/)
s_split enter @:"/"
s_split flag 2
s_split enter @:""
s_split flag 4
!!!!!s_split assigning cons:""
!!!!!!!!s_split returning:""
  tree_lookup_pnum at path:"/"
s_split enter @:"/"
s_split flag 2
s_split enter @:""
s_split flag 4
!!!!!s_split assigning cons:""
!!!!!!!!s_split returning:""
pnum: 1
uid: 1000
mode: 16877
getattr(/)
  tree_lookup_pnum at path:"/"
s_split enter @:"/"
s_split flag 2
s_split enter @:""
s_split flag 4
!!!!!s_split assigning cons:""
!!!!!!!!s_split returning:""
pnum: 1
uid: 1000
mode: 16877
readdir(/)
s_split enter @:"/"
s_split flag 2
s_split enter @:""
s_split flag 4
!!!!!s_split assigning cons:""
!!!!!!!!s_split returning:""
  tree_lookup_pnum at path:"/"
s_split enter @:"/"
s_split flag 2
s_split enter @:""
s_split flag 4
!!!!!s_split assigning cons:""
!!!!!!!!s_split returning:""
pnum: 1
uid: 1000
mode: 16877
getattr(/)
  tree_lookup_pnum at path:"/"
s_split enter @:"/"
s_split flag 2
s_split enter @:""
s_split flag 4
!!!!!s_split assigning cons:""
!!!!!!!!s_split returning:""
pnum: 1
uid: 1000
mode: 16877
readdir(/)
s_split enter @:"/"
s_split flag 2
s_split enter @:""
s_split flag 4
!!!!!s_split assigning cons:""
!!!!!!!!s_split returning:""
  tree_lookup_pnum at path:"/"
s_split enter @:"/"
s_split flag 2
s_split enter @:""
s_split flag 4
!!!!!s_split assigning cons:""
!!!!!!!!s_split returning:""
pnum: 1
uid: 1000
mode: 16877
getattr(/)
  tree_lookup_pnum at path:"/"
s_split enter @:"/"
s_split flag 2
s_split enter @:""
s_split flag 4
!!!!!s_split assigning cons:""
!!!!!!!!s_split returning:""
pnum: 1
uid: 1000
mode: 16877
readdir(/)
s_split enter @:"/"
s_split flag 2
s_split enter @:""
s_split flag 4
!!!!!s_split assigning cons:""
!!!!!!!!s_split returning:""
  tree_lookup_pnum at path:"/"
s_split enter @:"/"
s_split flag 2
s_split enter @:""
s_split flag 4
!!!!!s_split assigning cons:""
!!!!!!!!s_split returning:""
pnum: 1
uid: 1000
mode: 16877
getattr(/)
  tree_lookup_pnum at path:"/"
s_split enter @:"/"
s_split flag 2
s_split enter @:""
s_split flag 4
!!!!!s_split assigning cons:""
!!!!!!!!s_split returning:""
pnum: 1
uid: 1000
mode: 16877
readdir(/)
s_split enter @:"/"
s_split flag 2
s_split enter @:""
s_split flag 4
!!!!!s_split assigning cons:""
!!!!!!!!s_split returning:""
  tree_lookup_pnum at path:"/"
s_split enter @:"/"
s_split flag 2
s_split enter @:""
s_split flag 4
!!!!!s_split assigning cons:""
!!!!!!!!s_split returning:""
pnum: 1
uid: 1000
mode: 16877
getattr(/)
  tree_lookup_pnum at path:"/"
s_split enter @:"/"
s_split flag 2
s_split enter @:""
s_split flag 4
!!!!!s_split assigning cons:""
!!!!!!!!s_split returning:""
pnum: 1
uid: 1000
mode: 16877
readdir(/)
s_split enter @:"/"
s_split flag 2
s_split enter @:""
s_split flag 4
!!!!!s_split assigning cons:""
!!!!!!!!s_split returning:""
  tree_lookup_pnum at path:"/"
s_split enter @:"/"
s_split flag 2
s_split enter @:""
s_split flag 4
!!!!!s_split assigning cons:""
!!!!!!!!s_split returning:""
pnum: 1
uid: 1000
mode: 16877
getattr(/)
  tree_lookup_pnum at path:"/"
s_split enter @:"/"
s_split flag 2
s_split enter @:""
s_split flag 4
!!!!!s_split assigning cons:""
!!!!!!!!s_split returning:""
pnum: 1
uid: 1000
mode: 16877
readdir(/)
s_split enter @:"/"
s_split flag 2
s_split enter @:""
s_split flag 4
!!!!!s_split assigning cons:""
!!!!!!!!s_split returning:""
  tree_lookup_pnum at path:"/"
s_split enter @:"/"
s_split flag 2
s_split enter @:""
s_split flag 4
!!!!!s_split assigning cons:""
!!!!!!!!s_split returning:""
pnum: 1
uid: 1000
mode: 16877
getattr(/)
  tree_lookup_pnum at path:"/"
s_split enter @:"/"
s_split flag 2
s_split enter @:""
s_split flag 4
!!!!!s_split assigning cons:""
!!!!!!!!s_split returning:""
pnum: 1
uid: 1000
mode: 16877
readdir(/)
s_split enter @:"/"
s_split flag 2
s_split enter @:""
s_split flag 4
!!!!!s_split assigning cons:""
!!!!!!!!s_split returning:""
  tree_lookup_pnum at path:"/"
s_split enter @:"/"
s_split flag 2
s_split enter @:""
s_split flag 4
!!!!!s_split assigning cons:""
!!!!!!!!s_split returning:""
pnum: 1
uid: 1000
mode: 16877
getattr(/autorun.inf)
  tree_lookup_pnum at path:"/autorun.inf"
s_split enter @:"/autorun.inf"
s_split flag 2
s_split enter @:"autorun.inf"
s_split flag 2
s_split enter @:""
s_split flag 4
!!!!!s_split assigning cons:"autorun.inf"
!!!!!!!!s_split returning:"autorun.inf"
s_split flag 4
!!!!!s_split assigning cons:""
!!!!!!!!s_split returning:""
    dir_lookup_pnum looking for:"autorun.inf"
      directory_lookup_pnum err
pnum: -2
getattr(/)
  tree_lookup_pnum at path:"/"
s_split enter @:"/"
s_split flag 2
s_split enter @:""
s_split flag 4
!!!!!s_split assigning cons:""
!!!!!!!!s_split returning:""
pnum: 1
uid: 1000
mode: 16877
getattr(/one.txt)
  tree_lookup_pnum at path:"/one.txt"
s_split enter @:"/one.txt"
s_split flag 2
s_split enter @:"one.txt"
s_split flag 2
s_split enter @:""
s_split flag 4
!!!!!s_split assigning cons:"one.txt"
!!!!!!!!s_split returning:"one.txt"
s_split flag 4
!!!!!s_split assigning cons:""
!!!!!!!!s_split returning:""
    dir_lookup_pnum looking for:"one.txt"
      directory_lookup_pnum err
pnum: -2
mknod(/one.txt, 100664)
mknod point 0
mknod point 0.1
Dirname FLAG 0
s_split enter @:"/one.txt"
s_split flag 2
s_split enter @:"one.txt"
s_split flag 2
s_split enter @:""
s_split flag 4
!!!!!s_split assigning cons:"one.txt"
!!!!!!!!s_split returning:"one.txt"
s_split flag 4
!!!!!s_split assigning cons:""
!!!!!!!!s_split returning:""
Dirname FLAG 1
Dirname FLAG 2
mknod point 0.11
Basename FLAG 0
Basename FLAG !
s_split enter @:"/one.txt"
s_split flag 2
s_split enter @:"one.txt"
s_split flag 2
s_split enter @:""
s_split flag 4
!!!!!s_split assigning cons:"one.txt"
!!!!!!!!s_split returning:"one.txt"
s_split flag 4
!!!!!s_split assigning cons:""
!!!!!!!!s_split returning:""
YOU NEVER SEE ME!
mknod point 0.2
dirname: /
s_split enter @:"/"
s_split flag 2
s_split enter @:""
s_split flag 4
!!!!!s_split assigning cons:""
!!!!!!!!s_split returning:""
mknod point 1
    dir_lookup_pnum looking for:"one.txt"
      directory_lookup_pnum err
mknod point 2
getattr(/one.txt)
  tree_lookup_pnum at path:"/one.txt"
s_split enter @:"/one.txt"
s_split flag 2
s_split enter @:"one.txt"
s_split flag 2
s_split enter @:""
s_split flag 4
!!!!!s_split assigning cons:"one.txt"
!!!!!!!!s_split returning:"one.txt"
s_split flag 4
!!!!!s_split assigning cons:""
!!!!!!!!s_split returning:""
    dir_lookup_pnum looking for:"one.txt"
      found it at index 0
pnum: 2
uid: 1000
mode: 33204
open(/one.txt)
write(/one.txt, 11 bytes, @0)
  tree_lookup_pnum at path:"/one.txt"
s_split enter @:"/one.txt"
s_split flag 2
s_split enter @:"one.txt"
s_split flag 2
s_split enter @:""
s_split flag 4
!!!!!s_split assigning cons:"one.txt"
!!!!!!!!s_split returning:"one.txt"
s_split flag 4
!!!!!s_split assigning cons:""
!!!!!!!!s_split returning:""
    dir_lookup_pnum looking for:"one.txt"
      found it at index 0
getattr(/one.txt)
  tree_lookup_pnum at path:"/one.txt"
s_split enter @:"/one.txt"
s_split flag 2
s_split enter @:"one.txt"
s_split flag 2
s_split enter @:""
s_split flag 4
!!!!!s_split assigning cons:"one.txt"
!!!!!!!!s_split returning:"one.txt"
s_split flag 4
!!!!!s_split assigning cons:""
!!!!!!!!s_split returning:""
    dir_lookup_pnum looking for:"one.txt"
      found it at index 0
pnum: 2
uid: 1000
mode: 33204
open(/one.txt)
read(/one.txt, 4096 bytes, @0)
  tree_lookup_pnum at path:"/one.txt"
s_split enter @:"/one.txt"
s_split flag 2
s_split enter @:"one.txt"
s_split flag 2
s_split enter @:""
s_split flag 4
!!!!!s_split assigning cons:"one.txt"
!!!!!!!!s_split returning:"one.txt"
s_split flag 4
!!!!!s_split assigning cons:""
!!!!!!!!s_split returning:""
    dir_lookup_pnum looking for:"one.txt"
      found it at index 0
getattr(/one.txt)
  tree_lookup_pnum at path:"/one.txt"
s_split enter @:"/one.txt"
s_split flag 2
s_split enter @:"one.txt"
s_split flag 2
s_split enter @:""
s_split flag 4
!!!!!s_split assigning cons:"one.txt"
!!!!!!!!s_split returning:"one.txt"
s_split flag 4
!!!!!s_split assigning cons:""
!!!!!!!!s_split returning:""
    dir_lookup_pnum looking for:"one.txt"
      found it at index 0
pnum: 2
uid: 1000
mode: 33204
getattr(/two.txt)
  tree_lookup_pnum at path:"/two.txt"
s_split enter @:"/two.txt"
s_split flag 2
s_split enter @:"two.txt"
s_split flag 2
s_split enter @:""
s_split flag 4
!!!!!s_split assigning cons:"two.txt"
!!!!!!!!s_split returning:"two.txt"
s_split flag 4
!!!!!s_split assigning cons:""
!!!!!!!!s_split returning:""
    dir_lookup_pnum looking for:"two.txt"
      directory_lookup_pnum err
pnum: -2
mknod(/two.txt, 100664)
mknod point 0
mknod point 0.1
Dirname FLAG 0
s_split enter @:"/two.txt"
s_split flag 2
s_split enter @:"two.txt"
s_split flag 2
s_split enter @:""
s_split flag 4
!!!!!s_split assigning cons:"two.txt"
!!!!!!!!s_split returning:"two.txt"
s_split flag 4
!!!!!s_split assigning cons:""
!!!!!!!!s_split returning:""
Dirname FLAG 1
Dirname FLAG 2
mknod point 0.11
Basename FLAG 0
Basename FLAG !
s_split enter @:"/two.txt"
s_split flag 2
s_split enter @:"two.txt"
s_split flag 2
s_split enter @:""
s_split flag 4
!!!!!s_split assigning cons:"two.txt"
!!!!!!!!s_split returning:"two.txt"
s_split flag 4
!!!!!s_split assigning cons:""
!!!!!!!!s_split returning:""
YOU NEVER SEE ME!
mknod point 0.2
dirname: /
s_split enter @:"/"
s_split flag 2
s_split enter @:""
s_split flag 4
!!!!!s_split assigning cons:""
!!!!!!!!s_split returning:""
mknod point 1
    dir_lookup_pnum looking for:"two.txt"
      directory_lookup_pnum err
mknod point 2
getattr(/two.txt)
  tree_lookup_pnum at path:"/two.txt"
s_split enter @:"/two.txt"
s_split flag 2
s_split enter @:"two.txt"
s_split flag 2
s_split enter @:""
s_split flag 4
!!!!!s_split assigning cons:"two.txt"
!!!!!!!!s_split returning:"two.txt"
s_split flag 4
!!!!!s_split assigning cons:""
!!!!!!!!s_split returning:""
    dir_lookup_pnum looking for:"two.txt"
      found it at index 1
pnum: 3
uid: 1000
mode: 33204
open(/two.txt)
write(/two.txt, 11 bytes, @0)
  tree_lookup_pnum at path:"/two.txt"
s_split enter @:"/two.txt"
s_split flag 2
s_split enter @:"two.txt"
s_split flag 2
s_split enter @:""
s_split flag 4
!!!!!s_split assigning cons:"two.txt"
!!!!!!!!s_split returning:"two.txt"
s_split flag 4
!!!!!s_split assigning cons:""
!!!!!!!!s_split returning:""
    dir_lookup_pnum looking for:"two.txt"
      found it at index 1
getattr(/two.txt)
  tree_lookup_pnum at path:"/two.txt"
s_split enter @:"/two.txt"
s_split flag 2
s_split enter @:"two.txt"
s_split flag 2
s_split enter @:""
s_split flag 4
!!!!!s_split assigning cons:"two.txt"
!!!!!!!!s_split returning:"two.txt"
s_split flag 4
!!!!!s_split assigning cons:""
!!!!!!!!s_split returning:""
    dir_lookup_pnum looking for:"two.txt"
      found it at index 1
pnum: 3
uid: 1000
mode: 33204
open(/two.txt)
read(/two.txt, 4096 bytes, @0)
  tree_lookup_pnum at path:"/two.txt"
s_split enter @:"/two.txt"
s_split flag 2
s_split enter @:"two.txt"
s_split flag 2
s_split enter @:""
s_split flag 4
!!!!!s_split assigning cons:"two.txt"
!!!!!!!!s_split returning:"two.txt"
s_split flag 4
!!!!!s_split assigning cons:""
!!!!!!!!s_split returning:""
    dir_lookup_pnum looking for:"two.txt"
      found it at index 1
getattr(/two.txt)
  tree_lookup_pnum at path:"/two.txt"
s_split enter @:"/two.txt"
s_split flag 2
s_split enter @:"two.txt"
s_split flag 2
s_split enter @:""
s_split flag 4
!!!!!s_split assigning cons:"two.txt"
!!!!!!!!s_split returning:"two.txt"
s_split flag 4
!!!!!s_split assigning cons:""
!!!!!!!!s_split returning:""
    dir_lookup_pnum looking for:"two.txt"
      found it at index 1
pnum: 3
uid: 1000
mode: 33204
getattr(/)
  tree_lookup_pnum at path:"/"
s_split enter @:"/"
s_split flag 2
s_split enter @:""
s_split flag 4
!!!!!s_split assigning cons:""
!!!!!!!!s_split returning:""
pnum: 1
uid: 1000
mode: 16877
readdir(/)
s_split enter @:"/"
s_split flag 2
s_split enter @:""
s_split flag 4
!!!!!s_split assigning cons:""
!!!!!!!!s_split returning:""
  tree_lookup_pnum at path:"/"
s_split enter @:"/"
s_split flag 2
s_split enter @:""
s_split flag 4
!!!!!s_split assigning cons:""
!!!!!!!!s_split returning:""
pnum: 1
uid: 1000
mode: 16877
getattr(/2k.txt)
  tree_lookup_pnum at path:"/2k.txt"
s_split enter @:"/2k.txt"
s_split flag 2
s_split enter @:"2k.txt"
s_split flag 2
s_split enter @:""
s_split flag 4
!!!!!s_split assigning cons:"2k.txt"
!!!!!!!!s_split returning:"2k.txt"
s_split flag 4
!!!!!s_split assigning cons:""
!!!!!!!!s_split returning:""
    dir_lookup_pnum looking for:"2k.txt"
      directory_lookup_pnum err
pnum: -2
mknod(/2k.txt, 100664)
mknod point 0
mknod point 0.1
Dirname FLAG 0
s_split enter @:"/2k.txt"
s_split flag 2
s_split enter @:"2k.txt"
s_split flag 2
s_split enter @:""
s_split flag 4
!!!!!s_split assigning cons:"2k.txt"
!!!!!!!!s_split returning:"2k.txt"
s_split flag 4
!!!!!s_split assigning cons:""
!!!!!!!!s_split returning:""
Dirname FLAG 1
Dirname FLAG 2
mknod point 0.11
Basename FLAG 0
Basename FLAG !
s_split enter @:"/2k.txt"
s_split flag 2
s_split enter @:"2k.txt"
s_split flag 2
s_split enter @:""
s_split flag 4
!!!!!s_split assigning cons:"2k.txt"
!!!!!!!!s_split returning:"2k.txt"
s_split flag 4
!!!!!s_split assigning cons:""
!!!!!!!!s_split returning:""
YOU NEVER SEE ME!
mknod point 0.2
dirname: /
s_split enter @:"/"
s_split flag 2
s_split enter @:""
s_split flag 4
!!!!!s_split assigning cons:""
!!!!!!!!s_split returning:""
mknod point 1
    dir_lookup_pnum looking for:"2k.txt"
      directory_lookup_pnum err
mknod point 2
getattr(/2k.txt)
  tree_lookup_pnum at path:"/2k.txt"
s_split enter @:"/2k.txt"
s_split flag 2
s_split enter @:"2k.txt"
s_split flag 2
s_split enter @:""
s_split flag 4
!!!!!s_split assigning cons:"2k.txt"
!!!!!!!!s_split returning:"2k.txt"
s_split flag 4
!!!!!s_split assigning cons:""
!!!!!!!!s_split returning:""
    dir_lookup_pnum looking for:"2k.txt"
      found it at index 2
pnum: 4
uid: 1000
mode: 33204
open(/2k.txt)
write(/2k.txt, 2001 bytes, @0)
  tree_lookup_pnum at path:"/2k.txt"
s_split enter @:"/2k.txt"
s_split flag 2
s_split enter @:"2k.txt"
s_split flag 2
s_split enter @:""
s_split flag 4
!!!!!s_split assigning cons:"2k.txt"
!!!!!!!!s_split returning:"2k.txt"
s_split flag 4
!!!!!s_split assigning cons:""
!!!!!!!!s_split returning:""
    dir_lookup_pnum looking for:"2k.txt"
      found it at index 2
open(/2k.txt)
getattr(/2k.txt)
  tree_lookup_pnum at path:"/2k.txt"
s_split enter @:"/2k.txt"
s_split flag 2
s_split enter @:"2k.txt"
s_split flag 2
s_split enter @:""
s_split flag 4
!!!!!s_split assigning consmake[1]: Entering directory '/home/arthur/GitProjects/nocabfs'
fusermount -u mnt || true
:"2k.txt"
!!!!!!!!s_split returning:"2k.txt"
s_split flag 4
!!!!!s_split assigning cons:""
!!!!!!!!s_split returning:""
    dir_lookup_pnum looking for:"2k.txt"
      found it at index 2
pnum: 4
uid: 1000
mode: 33204
read(/2k.txt, 4096 bytes, @0)
  tree_lookup_pnum at path:"/2k.txt"
s_split enter @:"/2k.txt"
s_split flag 2
s_split enter @:"2k.txt"
s_split flag 2
s_split enter @:""
s_split flag 4
!!!!!s_split assigning cons:"2k.txt"
!!!!!!!!s_split returning:"2k.txt"
s_split flag 4
!!!!!s_split assigning cons:""
!!!!!!!!s_split returning:""
    dir_lookup_pnum looking for:"2k.txt"
      found it at index 2
getattr(/2k.txt)
  tree_lookup_pnum at path:"/2k.txt"
s_split enter @:"/2k.txt"
s_split flag 2
s_split enter @:"2k.txt"
s_split flag 2
s_split enter @:""
s_split flag 4
!!!!!s_split assigning cons:"2k.txt"
!!!!!!!!s_split returning:"2k.txt"
s_split flag 4
!!!!!s_split assigning cons:""
!!!!!!!!s_split returning:""
    dir_lookup_pnum looking for:"2k.txt"
      found it at index 2
pnum: 4
uid: 1000
mode: 33204
open(/2k.txt)
read(/2k.txt, 4096 bytes, @0)
  tree_lookup_pnum at path:"/2k.txt"
s_split enter @:"/2k.txt"
s_split flag 2
s_split enter @:"2k.txt"
s_split flag 2
s_split enter @:""
s_split flag 4
!!!!!s_split assigning cons:"2k.txt"
!!!!!!!!s_split returning:"2k.txt"
s_split flag 4
!!!!!s_split assigning cons:""
!!!!!!!!s_split returning:""
    dir_lookup_pnum looking for:"2k.txt"
      found it at index 2
make[1]: Leaving directory '/home/arthur/GitProjects/nocabfs'
make[1]: Leaving directory '/home/arthur/GitProjects/nocabfs'
make[1]: Entering directory '/home/arthur/GitProjects/nocabfs'
mkdir -p mnt || true
./nufs -s -f mnt data.nufs
access(/, 0004)
  tree_lookup_pnum at path:"/"
s_split enter @:"/"
s_split flag 2
s_split enter @:""
s_split flag 4
!!!!!s_split assigning cons:""
!!!!!!!!s_split returning:""
getattr(/.xdg-volume-info)
  tree_lookup_pnum at path:"/.xdg-volume-info"
s_split enter @:"/.xdg-volume-info"
s_split flag 2
s_split enter @:".xdg-volume-info"
s_split flag 2
s_split enter @:""
s_split flag 4
!!!!!s_split assigning cons:".xdg-volume-info"
!!!!!!!!s_split returning:".xdg-volume-info"
s_split flag 4
!!!!!s_split assigning cons:""
!!!!!!!!s_split returning:""
    dir_lookup_pnum looking for:".xdg-volume-info"
      directory_lookup_pnum err
pnum: -2
getattr(/autorun.inf)
  tree_lookup_pnum at path:"/autorun.inf"
s_split enter @:"/autorun.inf"
s_split flag 2
s_split enter @:"autorun.inf"
s_split flag 2
s_split enter @:""
s_split flag 4
!!!!!s_split assigning cons:"autorun.inf"
!!!!!!!!s_split returning:"autorun.inf"
s_split flag 4
!!!!!s_split assigning cons:""
!!!!!!!!s_split returning:""
    dir_lookup_pnum looking for:"autorun.inf"
      directory_lookup_pnum err
pnum: -2
getattr(/)
  tree_lookup_pnum at path:"/"
s_split enter @:"/"
s_split flag 2
s_split enter @:""
s_split flag 4
!!!!!s_split assigning cons:""
!!!!!!!!s_split returning:""
pnum: 1
uid: 1000
mode: 16877
getattr(/.Trash)
  tree_lookup_pnum at path:"/.Trash"
s_split enter @:"/.Trash"
s_split flag 2
s_split enter @:".Trash"
s_split flag 2
s_split enter @:""
s_split flag 4
!!!!!s_split assigning cons:".Trash"
!!!!!!!!s_split returning:".Trash"
s_split flag 4
!!!!!s_split assigning cons:""
!!!!!!!!s_split returning:""
    dir_lookup_pnum looking for:".Trash"
      directory_lookup_pnum err
pnum: -2
getattr(/.Trash-1000)
  tree_lookup_pnum at path:"/.Trash-1000"
s_split enter @:"/.Trash-1000"
s_split flag 2
s_split enter @:".Trash-1000"
s_split flag 2
s_split enter @:""
s_split flag 4
!!!!!s_split assigning cons:".Trash-1000"
!!!!!!!!s_split returning:".Trash-1000"
s_split flag 4
!!!!!s_split assigning cons:""
!!!!!!!!s_split returning:""
    dir_lookup_pnum looking for:".Trash-1000"
      directory_lookup_pnum err
pnum: -2
readdir(/)
s_split enter @:"/"
s_split flag 2
s_split enter @:""
s_split flag 4
!!!!!s_split assigning cons:""
!!!!!!!!s_split returning:""
  tree_lookup_pnum at path:"/"
s_split enter @:"/"
s_split flag 2
s_split enter @:""
s_split flag 4
!!!!!s_split assigning cons:""
!!!!!!!!s_split returning:""
pnum: 1
uid: 1000
mode: 16877
getattr(/)
  tree_lookup_pnum at path:"/"
s_split enter @:"/"
s_split flag 2
s_split enter @:""
s_split flag 4
!!!!!s_split assigning cons:""
!!!!!!!!s_split returning:""
pnum: 1
uid: 1000
mode: 16877
readdir(/)
s_split enter @:"/"
s_split flag 2
s_split enter @:""
s_split flag 4
!!!!!s_split assigning cons:""
!!!!!!!!s_split returning:""
  tree_lookup_pnum at path:"/"
s_split enter @:"/"
s_split flag 2
s_split enter @:""
s_split flag 4
!!!!!s_split assigning cons:""
!!!!!!!!s_split returning:""
pnum: 1
uid: 1000
mode: 16877
getattr(/)
  tree_lookup_pnum at path:"/"
s_split enter @:"/"
s_split flag 2
s_split enter @:""
s_split flag 4
!!!!!s_split assigning cons:""
!!!!!!!!s_split returning:""
pnum: 1
uid: 1000
mode: 16877
readdir(/)
s_split enter @:"/"
s_split flag 2
s_split enter @:""
s_split flag 4
!!!!!s_split assigning cons:""
!!!!!!!!s_split returning:""
  tree_lookup_pnum at path:"/"
s_split enter @:"/"
s_split flag 2
s_split enter @:""
s_split flag 4
!!!!!s_split assigning cons:""
!!!!!!!!s_split returning:""
pnum: 1
uid: 1000
mode: 16877
getattr(/)
  tree_lookup_pnum at path:"/"
s_split enter @:"/"
s_split flag 2
s_split enter @:""
s_split flag 4
!!!!!s_split assigning cons:""
!!!!!!!!s_split returning:""
pnum: 1
uid: 1000
mode: 16877
readdir(/)
s_split enter @:"/"
s_split flag 2
s_split enter @:""
s_split flag 4
!!!!!s_split assigning cons:""
!!!!!!!!s_split returning:""
  tree_lookup_pnum at path:"/"
s_split enter @:"/"
s_split flag 2
s_split enter @:""
s_split flag 4
!!!!!s_split assigning cons:""
!!!!!!!!s_split returning:""
pnum: 1
uid: 1000
mode: 16877
getattr(/)
  tree_lookup_pnum at path:"/"
s_split enter @:"/"
s_split flag 2
s_split enter @:""
s_split flag 4
!!!!!s_split assigning cons:""
!!!!!!!!s_split returning:""
pnum: 1
uid: 1000
mode: 16877
readdir(/)
s_split enter @:"/"
s_split flag 2
s_split enter @:""
s_split flag 4
!!!!!s_split assigning cons:""
!!!!!!!!s_split returning:""
  tree_lookup_pnum at path:"/"
s_split enter @:"/"
s_split flag 2
s_split enter @:""
s_split flag 4
!!!!!s_split assigning cons:""
!!!!!!!!s_split returning:""
pnum: 1
uid: 1000
mode: 16877
getattr(/)
  tree_lookup_pnum at path:"/"
s_split enter @:"/"
s_split flag 2
s_split enter @:""
s_split flag 4
!!!!!s_split assigning cons:""
!!!!!!!!s_split returning:""
pnum: 1
uid: 1000
mode: 16877
readdir(/)
s_split enter @:"/"
s_split flag 2
s_split enter @:""
s_split flag 4
!!!!!s_split assigning cons:""
!!!!!!!!s_split returning:""
  tree_lookup_pnum at path:"/"
s_split enter @:"/"
s_split flag 2
s_split enter @:""
s_split flag 4
!!!!!s_split assigning cons:""
!!!!!!!!s_split returning:""
pnum: 1
uid: 1000
mode: 16877
getattr(/)
  tree_lookup_pnum at path:"/"
s_split enter @:"/"
s_split flag 2
s_split enter @:""
s_split flag 4
!!!!!s_split assigning cons:""
!!!!!!!!s_split returning:""
pnum: 1
uid: 1000
mode: 16877
readdir(/)
s_split enter @:"/"
s_split flag 2
s_split enter @:""
s_split flag 4
!!!!!s_split assigning cons:""
!!!!!!!!s_split returning:""
  tree_lookup_pnum at path:"/"
s_split enter @:"/"
s_split flag 2
s_split enter @:""
s_split flag 4
!!!!!s_split assigning cons:""
!!!!!!!!s_split returning:""
pnum: 1
uid: 1000
mode: 16877
getattr(/)
  tree_lookup_pnum at path:"/"
s_split enter @:"/"
s_split flag 2
s_split enter @:""
s_split flag 4
!!!!!s_split assigning cons:""
!!!!!!!!s_split returning:""
pnum: 1
uid: 1000
mode: 16877
readdir(/)
s_split enter @:"/"
s_split flag 2
s_split enter @:""
s_split flag 4
!!!!!s_split assigning cons:""
!!!!!!!!s_split returning:""
  tree_lookup_pnum at path:"/"
s_split enter @:"/"
s_split flag 2
s_split enter @:""
s_split flag 4
!!!!!s_split assigning cons:""
!!!!!!!!s_split returning:""
pnum: 1
uid: 1000
mode: 16877
getattr(/)
  tree_lookup_pnum at path:"/"
s_split enter @:"/"
s_split flag 2
s_split enter @:""
s_split flag 4
!!!!!s_split assigning cons:""
!!!!!!!!s_split returning:""
pnum: 1
uid: 1000
mode: 16877
readdir(/)
s_split enter @:"/"
s_split flag 2
s_split enter @:""
s_split flag 4
!!!!!s_split assigning cons:""
!!!!!!!!s_split returning:""
  tree_lookup_pnum at path:"/"
s_split enter @:"/"
s_split flag 2
s_split enter @:""
s_split flag 4
!!!!!s_split assigning cons:""
!!!!!!!!s_split returning:""
pnum: 1
uid: 1000
mode: 16877
getattr(/)
  tree_lookup_pnum at path:"/"
s_split enter @:"/"
s_split flag 2
s_split enter @:""
s_split flag 4
!!!!!s_split assigning cons:""
!!!!!!!!s_split returning:""
pnum: 1
uid: 1000
mode: 16877
readdir(/)
s_split enter @:"/"
s_split flag 2
s_split enter @:""
s_split flag 4
!!!!!s_split assigning cons:""
!!!!!!!!s_split returning:""
  tree_lookup_pnum at path:"/"
s_split enter @:"/"
s_split flag 2
s_split enter @:""
s_split flag 4
!!!!!s_split assigning cons:""
!!!!!!!!s_split returning:""
pnum: 1
uid: 1000
mode: 16877
getattr(/)
  tree_lookup_pnum at path:"/"
s_split enter @:"/"
s_split flag 2
s_split enter @:""
s_split flag 4
!!!!!s_split assigning cons:""
!!!!!!!!s_split returning:""
pnum: 1
uid: 1000
mode: 16877
readdir(/)
s_split enter @:"/"
s_split flag 2
s_split enter @:""
s_split flag 4
!!!!!s_split assigning cons:""
!!!!!!!!s_split returning:""
  tree_lookup_pnum at path:"/"
s_split enter @:"/"
s_split flag 2
s_split enter @:""
s_split flag 4
!!!!!s_split assigning cons:""
!!!!!!!!s_split returning:""
pnum: 1
uid: 1000
mode: 16877
getattr(/)
  tree_lookup_pnum at path:"/"
s_split enter @:"/"
s_split flag 2
s_split enter @:""
s_split flag 4
!!!!!s_split assigning cons:""
!!!!!!!!s_split returning:""
pnum: 1
uid: 1000
mode: 16877
readdir(/)
s_split enter @:"/"
s_split flag 2
s_split enter @:""
s_split flag 4
!!!!!s_split assigning cons:""
!!!!!!!!s_split returning:""
  tree_lookup_pnum at path:"/"
s_split enter @:"/"
s_split flag 2
s_split enter @:""
s_split flag 4
!!!!!s_split assigning cons:""
!!!!!!!!s_split returning:""
pnum: 1
uid: 1000
mode: 16877
getattr(/)
  tree_lookup_pnum at path:"/"
s_split enter @:"/"
s_split flag 2
s_split enter @:""
s_split flag 4
!!!!!s_split assigning cons:""
!!!!!!!!s_split returning:""
pnum: 1
uid: 1000
mode: 16877
readdir(/)
s_split enter @:"/"
s_split flag 2
s_split enter @:""
s_split flag 4
!!!!!s_split assigning cons:""
!!!!!!!!s_split returning:""
  tree_lookup_pnum at path:"/"
s_split enter @:"/"
s_split flag 2
s_split enter @:""
s_split flag 4
!!!!!s_split assigning cons:""
!!!!!!!!s_split returning:""
pnum: 1
uid: 1000
mode: 16877
getattr(/)
  tree_lookup_pnum at path:"/"
s_split enter @:"/"
s_split flag 2
s_split enter @:""
s_split flag 4
!!!!!s_split assigning cons:""
!!!!!!!!s_split returning:""
pnum: 1
uid: 1000
mode: 16877
readdir(/)
s_split enter @:"/"
s_split flag 2
s_split enter @:""
s_split flag 4
!!!!!s_split assigning cons:""
!!!!!!!!s_split returning:""
  tree_lookup_pnum at path:"/"
s_split enter @:"/"
s_split flag 2
s_split enter @:""
s_split flag 4
!!!!!s_split assigning cons:""
!!!!!!!!s_split returning:""
pnum: 1
uid: 1000
mode: 16877
getattr(/)
  tree_lookup_pnum at path:"/"
s_split enter @:"/"
s_split flag 2
s_split enter @:""
s_split flag 4
!!!!!s_split assigning cons:""
!!!!!!!!s_split returning:""
pnum: 1
uid: 1000
mode: 16877
readdir(/)
s_split enter @:"/"
s_split flag 2
s_split enter @:""
s_split flag 4
!!!!!s_split assigning cons:""
!!!!!!!!s_split returning:""
  tree_lookup_pnum at path:"/"
s_split enter @:"/"
s_split flag 2
s_split enter @:""
s_split flag 4
!!!!!s_split assigning cons:""
!!!!!!!!s_split returning:""
pnum: 1
uid: 1000
mode: 16877
getattr(/)
  tree_lookup_pnum at path:"/"
s_split enter @:"/"
s_split flag 2
s_split enter @:""
s_split flag 4
!!!!!s_split assigning cons:""
!!!!!!!!s_split returning:""
pnum: 1
uid: 1000
mode: 16877
readdir(/)
s_split enter @:"/"
s_split flag 2
s_split enter @:""
s_split flag 4
!!!!!s_split assigning cons:""
!!!!!!!!s_split returning:""
  tree_lookup_pnum at path:"/"
s_split enter @:"/"
s_split flag 2
s_split enter @:""
s_split flag 4
!!!!!s_split assigning cons:""
!!!!!!!!s_split returning:""
pnum: 1
uid: 1000
mode: 16877
getattr(/)
  tree_lookup_pnum at path:"/"
s_split enter @:"/"
s_split flag 2
s_split enter @:""
s_split flag 4
!!!!!s_split assigning cons:""
!!!!!!!!s_split returning:""
pnum: 1
uid: 1000
mode: 16877
readdir(/)
s_split enter @:"/"
s_split flag 2
s_split enter @:""
s_split flag 4
!!!!!s_split assigning cons:""
!!!!!!!!s_split returning:""
  tree_lookup_pnum at path:"/"
s_split enter @:"/"
s_split flag 2
s_split enter @:""
s_split flag 4
!!!!!s_split assigning cons:""
!!!!!!!!s_split returning:""
pnum: 1
uid: 1000
mode: 16877
getattr(/)
  tree_lookup_pnum at path:"/"
s_split enter @:"/"
s_split flag 2
s_split enter @:""
s_split flag 4
!!!!!s_split assigning cons:""
!!!!!!!!s_split returning:""
pnum: 1
uid: 1000
mode: 16877
readdir(/)
s_split enter @:"/"
s_split flag 2
s_split enter @:""
s_split flag 4
!!!!!s_split assigning cons:""
!!!!!!!!s_split returning:""
  tree_lookup_pnum at path:"/"
s_split enter @:"/"
s_split flag 2
s_split enter @:""
s_split flag 4
!!!!!s_split assigning cons:""
!!!!!!!!s_split returning:""
pnum: 1
uid: 1000
mode: 16877
getattr(/)
  tree_lookup_pnum at path:"/"
s_split enter @:"/"
s_split flag 2
s_split enter @:""
s_split flag 4
!!!!!s_split assigning cons:""
!!!!!!!!s_split returning:""
pnum: 1
uid: 1000
mode: 16877
readdir(/)
s_split enter @:"/"
s_split flag 2
s_split enter @:""
s_split flag 4
!!!!!s_split assigning cons:""
!!!!!!!!s_split returning:""
  tree_lookup_pnum at path:"/"
s_split enter @:"/"
s_split flag 2
s_split enter @:""
s_split flag 4
!!!!!s_split assigning cons:""
!!!!!!!!s_split returning:""
pnum: 1
uid: 1000
mode: 16877
getattr(/)
  tree_lookup_pnum at path:"/"
s_split enter @:"/"
s_split flag 2
s_split enter @:""
s_split flag 4
!!!!!s_split assigning cons:""
!!!!!!!!s_split returning:""
pnum: 1
uid: 1000
mode: 16877
readdir(/)
s_split enter @:"/"
s_split flag 2
s_split enter @:""
s_split flag 4
!!!!!s_split assigning cons:""
!!!!!!!!s_split returning:""
  tree_lookup_pnum at path:"/"
s_split enter @:"/"
s_split flag 2
s_split enter @:""
s_split flag 4
!!!!!s_split assigning cons:""
!!!!!!!!s_split returning:""
pnum: 1
uid: 1000
mode: 16877
getattr(/)
  tree_lookup_pnum at path:"/"
s_split enter @:"/"
s_split flag 2
s_split enter @:""
s_split flag 4
!!!!!s_split assigning cons:""
!!!!!!!!s_split returning:""
pnum: 1
uid: 1000
mode: 16877
readdir(/)
s_split enter @:"/"
s_split flag 2
s_split enter @:""
s_split flag 4
!!!!!s_split assigning cons:""
!!!!!!!!s_split returning:""
  tree_lookup_pnum at path:"/"
s_split enter @:"/"
s_split flag 2
s_split enter @:""
s_split flag 4
!!!!!s_split assigning cons:""
!!!!!!!!s_split returning:""
pnum: 1
uid: 1000
mode: 16877
getattr(/)
  tree_lookup_pnum at path:"/"
s_split enter @:"/"
s_split flag 2
s_split enter @:""
s_split flag 4
!!!!!s_split assigning cons:""
!!!!!!!!s_split returning:""
pnum: 1
uid: 1000
mode: 16877
readdir(/)
s_split enter @:"/"
s_split flag 2
s_split enter @:""
s_split flag 4
!!!!!s_split assigning cons:""
!!!!!!!!s_split returning:""
  tree_lookup_pnum at path:"/"
s_split enter @:"/"
s_split flag 2
s_split enter @:""
s_split flag 4
!!!!!s_split assigning cons:""
!!!!!!!!s_split returning:""
pnum: 1
uid: 1000
mode: 16877
getattr(/)
  tree_lookup_pnum at path:"/"
s_split enter @:"/"
s_split flag 2
s_split enter @:""
s_split flag 4
!!!!!s_split assigning cons:""
!!!!!!!!s_split returning:""
pnum: 1
uid: 1000
mode: 16877
readdir(/)
s_split enter @:"/"
s_split flag 2
s_split enter @:""
s_split flag 4
!!!!!s_split assigning cons:""
!!!!!!!!s_split returning:""
  tree_lookup_pnum at path:"/"
s_split enter @:"/"
s_split flag 2
s_split enter @:""
s_split flag 4
!!!!!s_split assigning cons:""
!!!!!!!!s_split returning:""
pnum: 1
uid: 1000
mode: 16877
getattr(/autorun.inf)
  tree_lookup_pnum at path:"/autorun.inf"
s_split enter @:"/autorun.inf"
s_split flag 2
s_split enter @:"autorun.inf"
s_split flag 2
s_split enter @:""
s_split flag 4
!!!!!s_split assigning cons:"autorun.inf"
!!!!!!!!s_split returning:"autorun.inf"
s_split flag 4
!!!!!s_split assigning cons:""
!!!!!!!!s_split returning:""
    dir_lookup_pnum looking for:"autorun.inf"
      directory_lookup_pnum err
pnum: -2
getattr(/)
  tree_lookup_pnum at path:"/"
s_split enter @:"/"
s_split flag 2
s_split enter @:""
s_split flag 4
!!!!!s_split assigning cons:""
!!!!!!!!s_split returning:""
pnum: 1
uid: 1000
mode: 16877
readdir(/)
s_split enter @:"/"
s_split flag 2
s_split enter @:""
s_split flag 4
!!!!!s_split assigning cons:""
!!!!!!!!s_split returning:""
  tree_lookup_pnum at path:"/"
s_split enter @:"/"
s_split flag 2
s_split enter @:""
s_split flag 4
!!!!!s_split assigning cons:""
!!!!!!!!s_split returning:""
pnum: 1
uid: 1000
mode: 16877
getattr(/one.txt)
  tree_lookup_pnum at path:"/one.txt"
s_split enter @:"/one.txt"
s_split flag 2
s_split enter @:"one.txt"
s_split flag 2
s_split enter @:""
s_split flag 4
!!!!!s_split assigning cons:"one.txt"
!!!!!!!!s_split returning:"one.txt"
s_split flag 4
!!!!!s_split assigning cons:""
!!!!!!!!s_split returning:""
    dir_lookup_pnum looking for:"one.txt"
      found it at index 0
pnum: 2
uid: 1000
mode: 33204
open(/one.txt)
read(/one.txt, 4096 bytes, @0)
  tree_lookup_pnum at path:"/one.txt"
s_split enter @:"/one.txt"
s_split flag 2
s_split enter @:"one.txt"
s_split flag 2
s_split enter @:""
s_split flag 4
!!!!!s_split assigning cons:"one.txt"
!!!!!!!!s_split returning:"one.txt"
s_split flag 4
!!!!!s_split assigning cons:""
!!!!!!!!s_split returning:""
    dir_lookup_pnum looking for:"one.txt"
      found it at index 0
getattr(/one.txt)
  tree_lookup_pnum at path:"/one.txt"
s_split enter @:"/one.txt"
s_split flag 2
s_split enter @:"one.txt"
s_split flag 2
s_split enter @:""
s_split flag 4
!!!!!s_split assigning cons:"one.txt"
!!!!!!!!s_split returning:"one.txt"
s_split flag 4
!!!!!s_split assigning cons:""
!!!!!!!!s_split returning:""
    dir_lookup_pnum looking for:"one.txt"
      found it at index 0
pnum: 2
uid: 1000
mode: 33204
getattr(/two.txt)
  tree_lookup_pnum at path:"/two.txt"
s_split enter @:"/two.txt"
s_split flag 2
s_split enter @:"two.txt"
s_split flag 2
s_split enter @:""
s_split flag 4
!!!!!s_split assigning cons:"two.txt"
!!!!!!!!s_split returning:"two.txt"
s_split flag 4
!!!!!s_split assigning cons:""
!!!!!!!!s_split returning:""
    dir_lookup_pnum looking for:"two.txt"
      found it at index 1
pnum: 3
uid: 1000
mode: 33204
open(/two.txt)
read(/two.txt, 4096 bytes, @0)
  tree_lookup_pnum at path:"/two.txt"
s_split enter @:"/two.txt"
s_split flag 2
s_split enter @:"two.txt"
s_split flag 2
s_split enter @:""
s_split flag 4
!!!!!s_split assigning cons:"two.txt"
!!!!!!!!s_split returning:"two.txt"
s_split flag 4
!!!!!s_split assigning cons:""
!!!!!!!!s_split returning:""
    dir_lookup_pnum looking for:"two.txt"
      found it at index 1
getattr(/two.txt)
  tree_lookup_pnum at path:"/two.txt"
s_split enter @:"/two.txt"
s_split flag 2
s_split enter @:"two.txt"
s_split flag 2
s_split enter @:""
s_split flag 4
!!!!!s_split assigning cons:"two.txt"
!!!!!!!!s_split returning:"two.txt"
s_split flag 4
!!!!!s_split assigning cons:""
!!!!!!!!s_split returning:""
    dir_lookup_pnum looking for:"two.txt"
      found it at index 1
pnum: 3
uid: 1000
mode: 33204
access(/one.txt, 0002)
  tree_lookup_pnum at path:"/one.txt"
s_split enter @:"/one.txt"
s_split flag 2
s_split enter @:"one.txt"
s_split flag 2
s_split enter @:""
s_split flag 4
!!!!!s_split assigning cons:"one.txt"
!!!!!!!!s_split returning:"one.txt"
s_split flag 4
!!!!!s_split assigning cons:""
!!!!!!!!s_split returning:""
    dir_lookup_pnum looking for:"one.txt"
      found it at index 0
unlink(/one.txt)
s_split enter @:"/one.txt"
s_split flag 2
s_split enter @:"one.txt"
s_split flag 2
s_split enter @:""
s_split flag 4
!!!!!s_split assigning cons:"one.txt"
!!!!!!!!s_split returning:"one.txt"
s_split flag 4
!!!!!s_split assigning cons:""
!!!!!!!!s_split returning:""
    dir_lookup_pnum looking for:"one.txt"
      found it at index 0
Basename FLAG 0
Basename FLAG !
s_split enter @:"/one.txt"
s_split flag 2
s_split enter @:"one.txt"
s_split flag 2
s_split enter @:""
s_split flag 4
!!!!!s_split assigning cons:"one.txt"
!!!!!!!!s_split returning:"one.txt"
s_split flag 4
!!!!!s_split assigning cons:""
!!!!!!!!s_split returning:""
YOU NEVER SEE ME!
getattr(/)
  tree_lookup_pnum at path:"/"
s_split enter @:"/"
s_split flag 2
s_split enter @:""
s_split flag 4
!!!!!s_split assigning cons:""
!!!!!!!!s_split returning:""
pnum: 1
uid: 1000
mode: 16877
readdir(/)
s_split enter @:"/"
s_split flag 2
s_split enter @:""
s_split flag 4
!!!!!s_split assigning cons:""
!!!!!!!!s_split returning:""
  tree_lookup_pnum at path:"/"
s_split enter @:"/"
s_split flag 2
s_split enter @:""
s_split flag 4
!!!!!s_split assigning cons:""
!!!!!!!!s_split returning:""
pnum: 1
uid: 1000
mode: 16877
getattr(/abc.txt)
  tree_lookup_pnum at path:"/abc.txt"
s_split enter @:"/abc.txt"
s_split flag 2
s_split enter @:"abc.txt"
s_split flag 2
s_split enter @:""
s_split flag 4
!!!!!s_split assigning cons:"abc.txt"
!!!!!!!!s_split returning:"abc.txt"
s_split flag 4
!!!!!s_split assigning cons:""
!!!!!!!!s_split returning:""
    dir_lookup_pnum looking for:"abc.txt"
      directory_lookup_pnum err
pnum: -2
getattr(/abc.txt)
  tree_lookup_pnum at path:"/abc.txt"
s_split enter @:"/abc.txt"
s_split flag 2
s_split enter @:"abc.txt"
s_split flag 2
s_split enter @:""
s_split flag 4
!!!!!s_split assigning cons:"abc.txt"
!!!!!!!!s_split returning:"abc.txt"
s_split flag 4
!!!!!s_split assigning cons:""
!!!!!!!!s_split returning:""
    dir_lookup_pnum looking for:"abc.txt"
      directory_lookup_pnum err
pnum: -2
getattr(/abc.txt)
  tree_lookup_pnum at path:"/abc.txt"
s_split enter @:"/abc.txt"
s_split flag 2
s_split enter @:"abc.txt"
s_split flag 2
s_split enter @:""
s_split flag 4
!!!!!s_split assigning cons:"abc.txt"
!!!!!!!!s_split returning:"abc.txt"
s_split flag 4
!!!!!s_split assigning cons:""
!!!!!!!!s_split returning:""
    dir_lookup_pnum looking for:"abc.txt"
      directory_lookup_pnum err
pnum: -2
rename(/two.txtr=> /abc.txt)
Basename FLAG 0
Basename FLAG !
s_split enter @:"/abc.txt"
s_split flag 2
s_split enter @:"abc.txt"
s_split flag 2
s_split enter @:""
s_split flag 4
!!!!!s_split assigning cons:"abc.txt"
!!!!!!!!s_split returning:"abc.txt"
s_split flag 4
!!!!!s_split assigning cons:""
!!!!!!!!s_split returning:""
YOU NEVER SEE ME!
s_split enter @:"/abc.txt"
s_split flag 2
s_split enter @:"abc.txt"
s_split flag 2
s_split enter @:""
s_split flag 4
!!!!!s_split assigning cons:"abc.txt"
!!!!!!!!s_split returning:"abc.txt"
s_split flag 4
!!!!!s_split assigning cons:""
!!!!!!!!s_split returning:""
    dir_lookup_pnum looking for:"abc.txt"
      directory_lookup_pnum err
  tree_lookup_pnum at path:"/two.txt"
s_split enter @:"/two.txt"
s_split flag 2
s_split enter @:"two.txt"
s_split flag 2
s_split enter @:""
s_split flag 4
!!!!!s_split assigning cons:"two.txt"
!!!!!!!!s_split returning:"two.txt"
s_split flag 4
!!!!!s_split assigning cons:""
!!!!!!!!s_split returning:""
    dir_lookup_pnum looking for:"two.txt"
      found it at index 1
s_split enter @:"/two.txt"
s_split flag 2
s_split enter @:"two.txt"
s_split flag 2
s_split enter @:""
s_split flag 4
!!!!!s_split assigning cons:"two.txt"
!!!!!!!!s_split returning:"two.txt"
s_split flag 4
!!!!!s_split assigning cons:""
!!!!!!!!s_split returning:""
    dir_lookup_pnum looking for:"two.txt"
      found it at index 1
Basename FLAG 0
Basename FLAG !
s_split enter @:"/two.txt"
s_split flag 2
s_split enter @:"two.txt"
s_split flag 2
s_split enter @:""
s_split flag 4
!!!!!s_split assigning cons:"two.txt"
!!!!!!!!s_split returning:"two.txt"
s_split flag 4
!!!!!s_split assigning cons:""
!!!!!!!!s_split returning:""
YOU NEVER SEE ME!
getattr(/)
  tree_lookup_pnum at path:"/"
s_split enter @:"/"
s_split flag 2
s_split enter @:""
s_split flag 4
!!!!!s_split assigning cons:""
!!!!!!!!s_split returning:""
pnum: 1
uid: 1000
mode: 16877
readdir(/)
s_split enter @:"/"
s_split flag 2
s_split enter @:""
s_split flag 4
!!!!!s_split assigning cons:""
!!!!!!!!s_split returning:""
  tree_lookup_pnum at path:"/"
s_split enter @:"/"
s_split flag 2
s_split enter @:""
s_split flag 4
!!!!!s_split assigning cons:""
!!!!!!!!s_split returning:""
pnum: 1
uid: 1000
mode: 16877
open(/abc.txt)
getattr(/abc.txt)
  tree_lookup_pnum at path:"/abc.txt"
s_split enter @:"/abc.txt"
s_split flag 2
s_split enter @:"abc.txt"
s_split flag 2
s_split enter @:""
s_split flag 4
!!!!!s_split assigning cons:"abc.txt"
!!!!!!!!s_split returning:"abc.txt"
s_split flag 4
!!!!!s_split assigning cons:""
!!!!!!!!s_split returning:""
    dir_lookup_pnum looking for:"abc.txt"
      found it at index 0
pnum: 2
uid: 1000
mode: 33204
read(/abc.txt, 4096 bytes, @0)
  tree_lookup_pnum at path:"/abc.txt"
s_split enter @:"/abc.txt"
s_split flag 2
s_split enter @:"abc.txt"
s_split flag 2
s_split enter @:""
s_split flag 4
!!!!!s_split assigning cons:"abc.txt"
!!!!!!!!s_split returning:"abc.txt"
s_split flag 4
!!!!!s_split assigning cons:""
!!!!!!!!s_split returning:""
    dir_lookup_pnum looking for:"abc.txt"
      found it at index 0
getattr(/abc.txt)
  tree_lookup_pnum at path:"/abc.txt"
s_split enter @:"/abc.txt"
s_split flag 2
s_split enter @:"abc.txt"
s_split flag 2
s_split enter @:""
s_split flag 4
!!!!!s_split assigning cons:"abc.txt"
!!!!!!!!s_split returning:"abc.txt"
s_split flag 4
!!!!!s_split assigning cons:""
!!!!!!!!s_split returning:""
    dir_lookup_pnum looking for:"abc.txt"
      found it at index 0
pnum: 2
uid: 1000
mode: 33204
getattr(/def.txt)
  tree_lookup_pnum at path:"/def.txt"
s_split enter @:"/def.txt"
s_split flag 2
s_split enter @:"def.txt"
s_split flag 2
s_split enter @:""
s_split flag 4
!!!!!s_split assigning cons:"def.txt"
!!!!!!!!s_split returning:"def.txt"
s_split flag 4
!!!!!s_split assigning cons:""
!!!!!!!!s_split returning:""
    dir_lookup_pnum looking for:"def.txt"
      directory_lookup_pnum err
pnum: -2
getattr(/def.txt)
  tree_lookup_pnum at path:"/def.txt"
s_split enter @:"/def.txt"
s_split flag 2
s_split enter @:"def.txt"
s_split flag 2
s_split enter @:""
s_split flag 4
!!!!!s_split assigning cons:"def.txt"
!!!!!!!!s_split returning:"def.txt"
s_split flag 4
!!!!!s_split assigning cons:""
!!!!!!!!s_split returning:""
    dir_lookup_pnum looking for:"def.txt"
      directory_lookup_pnum err
pnum: -2
getattr(/def.txt)
  tree_lookup_pnum at path:"/def.txt"
s_split enter @:"/def.txt"
s_split flag 2
s_split enter @:"def.txt"
s_split flag 2
s_split enter @:""
s_split flag 4
!!!!!s_split assigning cons:"def.txt"
!!!!!!!!s_split returning:"def.txt"
s_split flag 4
!!!!!s_split assigning cons:""
!!!!!!!!s_split returning:""
    dir_lookup_pnum looking for:"def.txt"
      directory_lookup_pnum err
pnum: -2
access(/abc.txt, 0002)
  tree_lookup_pnum at path:"/abc.txt"
s_split enter @:"/abc.txt"
s_split flag 2
s_split enter @:"abc.txt"
s_split flag 2
s_split enter @:""
s_split flag 4
!!!!!s_split assigning cons:"abc.txt"
!!!!!!!!s_split returning:"abc.txt"
s_split flag 4
!!!!!s_split assigning cons:""
!!!!!!!!s_split returning:""
    dir_lookup_pnum looking for:"abc.txt"
      found it at index 0
unlink(/abc.txt)
s_split enter @:"/abc.txt"
s_split flag 2
s_split enter @:"abc.txt"
s_split flag 2
s_split enter @:""
s_split flag 4
!!!!!s_split assigning cons:"abc.txt"
!!!!!!!!s_split returning:"abc.txt"
s_split flag 4
!!!!!s_split assigning cons:""
!!!!!!!!s_split returning:""
    dir_lookup_pnum looking for:"abc.txt"
      found it at index 0
Basename FLAG 0
Basename FLAG !
s_split enter @:"/abc.txt"
s_split flag 2
s_split enter @:"abc.txt"
s_split flag 2
s_split enter @:""
s_split flag 4
!!!!!s_split assigning cons:"abc.txt"
!!!!!!!!s_split returning:"abc.txt"
s_split flag 4
!!!!!s_split assigning cons:""
!!!!!!!!s_split returning:""
YOU NEVER SEE ME!
getattr(/def.txt)
  tree_lookup_pnum at path:"/def.txt"
s_split enter @:"/def.txt"
s_split flag 2
s_split enter @:"def.txt"
s_split flag 2
s_split enter @:""
s_split flag 4
!!!!!s_split assigning cons:"def.txt"
!!!!!!!!s_split returning:"def.txt"
s_split flag 4
!!!!!s_split assigning cons:""
!!!!!!!!s_split returning:""
    dir_lookup_pnum looking for:"def.txt"
      directory_lookup_pnum err
pnum: -2
getattr(/foo)
  tree_lookup_pnum at path:"/foo"
s_split enter @:"/foo"
s_split flag 2
s_split enter @:"foo"
s_split flag 2
s_split enter @:""
s_split flag 4
!!!!!s_split assigning cons:"foo"
!!!!!!!!s_split returning:"foo"
s_split flag 4
!!!!!s_split assigning cons:""
!!!!!!!!s_split returning:""
    dir_lookup_pnum looking for:"foo"
      directory_lookup_pnum err
pnum: -2
mkdir(/foo)
mknod point 0
mknod point 0.1
Dirname FLAG 0
s_split enter @:"/foo"
s_split flag 2
s_split enter @:"foo"
s_split flag 2
s_split enter @:""
s_split flag 4
!!!!!s_split assigning cons:"foo"
!!!!!!!!s_split returning:"foo"
s_split flag 4
!!!!!s_split assigning cons:""
!!!!!!!!s_split returning:""
Dirname FLAG 1
Dirname FLAG 2
mknod point 0.11
Basename FLAG 0
Basename FLAG !
s_split enter @:"/foo"
s_split flag 2
s_split enter @:"foo"
s_split flag 2
s_split enter @:""
s_split flag 4
!!!!!s_split assigning cons:"foo"
!!!!!!!!s_split returning:"foo"
s_split flag 4
!!!!!s_split assigning cons:""
!!!!!!!!s_split returning:""
YOU NEVER SEE ME!
mknod point 0.2
dirname: /
s_split enter @:"/"
s_split flag 2
s_split enter @:""
s_split flag 4
!!!!!s_split assigning cons:""
!!!!!!!!s_split returning:""
mknod point 1
    dir_lookup_pnum looking for:"foo"
      directory_lookup_pnum err
mknod point 2
getattr(/foo)
  tree_lookup_pnum at path:"/foo"
s_split enter @:"/foo"
s_split flag 2
s_split enter @:"foo"
s_split flag 2
s_split enter @:""
s_split flag 4
!!!!!s_split assigning cons:"foo"
!!!!!!!!s_split returning:"foo"
s_split flag 4
!!!!!s_split assigning cons:""
!!!!!!!!s_split returning:""
    dir_lookup_pnum looking for:"foo"
      found it at index 0
pnum: 2
uid: 1000
mode: 16893
getattr(/foo/abc.txt)
  tree_lookup_pnum at path:"/foo/abc.txt"
s_split enter @:"/foo/abc.txt"
s_split flag 2
s_split enter @:"foo/abc.txt"
s_split flag 2
s_split enter @:"abc.txt"
s_split flag 2
s_split enter @:""
s_split flag 4
!!!!!s_split assigning cons:"abc.txt"
!!!!!!!!s_split returning:"abc.txt"
s_split flag 4
!!!!!s_split assigning cons:"foo"
!!!!!!!!s_split returning:"foo"
s_split flag 4
!!!!!s_split assigning cons:""
!!!!!!!!s_split returning:""
    dir_lookup_pnum looking for:"foo"
      found it at index 0
    dir_lookup_pnum looking for:"abc.txt"
      directory_lookup_pnum err
pnum: -2
getattr(/def.txt)
  tree_lookup_pnum at path:"/def.txt"
s_split enter @:"/def.txt"
s_split flag 2
s_split enter @:"def.txt"
s_split flag 2
s_split enter @:""
s_split flag 4
!!!!!s_split assigning cons:"def.txt"
!!!!!!!!s_split returning:"def.txt"
s_split flag 4
!!!!!s_split assigning cons:""
!!!!!!!!s_split returning:""
    dir_lookup_pnum looking for:"def.txt"
      directory_lookup_pnum err
pnum: -2
getattr(/foo/abc.txt)
  tree_lookup_pnum at path:"/foo/abc.txt"
s_split enter @:"/foo/abc.txt"
s_split flag 2
s_split enter @:"foo/abc.txt"
s_split flag 2
s_split enter @:"abc.txt"
s_split flag 2
s_split enter @:""
s_split flag 4
!!!!!s_split assigning cons:"abc.txt"
!!!!!!!!s_split returning:"abc.txt"
s_split flag 4
!!!!!s_split assigning cons:"foo"
!!!!!!!!s_split returning:"foo"
s_split flag 4
!!!!!s_split assigning cons:""
!!!!!!!!s_split returning:""
    dir_lookup_pnum looking for:"foo"
      found it at index 0
    dir_lookup_pnum looking for:"abc.txt"
      directory_lookup_pnum err
pnum: -2
getattr(/40k.txt)
  tree_lookup_pnum at path:"/40k.txt"
s_split enter @:"/40k.txt"
s_split flag 2
s_split enter @:"40k.txt"
s_split flag 2
s_split enter @:""
s_split flag 4
!!!!!s_split assigning cons:"40k.txt"
!!!!!!!!s_split returning:"40k.txt"
s_split flag 4
!!!!!s_split assigning cons:""
!!!!!!!!s_split returning:""
    dir_lookup_pnum looking for:"40k.txt"
      directory_lookup_pnum err
pnum: -2
mknod(/40k.txt, 100664)
mknod point 0
mknod point 0.1
Dirname FLAG 0
s_split enter @:"/40k.txt"
s_split flag 2
s_split enter @:"40k.txt"
s_split flag 2
s_split enter @:""
s_split flag 4
!!!!!s_split assigning cons:"40k.txt"
!!!!!!!!s_split returning:"40k.txt"
s_split flag 4
!!!!!s_split assigning cons:""
!!!!!!!!s_split returning:""
Dirname FLAG 1
Dirname FLAG 2
mknod point 0.11
Basename FLAG 0
Basename FLAG !
s_split enter @:"/40k.txt"
s_split flag 2
s_split enter @:"40k.txt"
s_split flag 2
s_split enter @:""
s_split flag 4
!!!!!s_split assigning cons:"40k.txt"
!!!!!!!!s_split returning:"40k.txt"
s_split flag 4
!!!!!s_split assigning cons:""
!!!!!!!!s_split returning:""
YOU NEVER SEE ME!
mknod point 0.2
dirname: /
s_split enter @:"/"
s_split flag 2
s_split enter @:""
s_split flag 4
!!!!!s_split assigning cons:""
!!!!!!!!s_split returning:""
mknod point 1
    dir_lookup_pnum looking for:"40k.txt"
      directory_lookup_pnum err
mknod point 2
getattr(/40k.txt)
  tree_lookup_pnum at path:"/40k.txt"
s_split enter @:"/40k.txt"
s_split flag 2
s_split enter @:"40k.txt"
s_split flag 2
s_split enter @:""
s_split flag 4
!!!!!s_split assigning cons:"40k.txt"
!!!!!!!!s_split returning:"40k.txt"
s_split flag 4
!!!!!s_split assigning cons:""
!!!!!!!!s_split returning:""
    dir_lookup_pnum looking for:"40k.txt"
      found it at index 1
pnum: 3
uid: 1000
mode: 33204
open(/40k.txt)
write(/40k.txt, 4096 bytes, @0)
  tree_lookup_pnum at path:"/40k.txt"
s_split enter @:"/40k.txt"
s_split flag 2
s_split enter @:"40k.txt"
s_split flag 2
s_split enter @:""
s_split flag 4
!!!!!s_split assigning cons:"40k.txt"
!!!!!!!!s_split returning:"40k.txt"
s_split flag 4
!!!!!s_split assigning cons:""
!!!!!!!!s_split returning:""
    dir_lookup_pnum looking for:"40k.txt"
      found it at index 1
write(/40k.txt, 4096 bytes, @4096)
  tree_lookup_pnum at path:"/40k.txt"
s_split enter @:"/40k.txt"
s_split flag 2
s_split enter @:"40k.txt"
s_split flag 2
s_split enter @:""
s_split flag 4
!!!!!s_split assigning cons:"40k.txt"
!!!!!!!!s_split returning:"40k.txt"
s_split flag 4
!!!!!s_split assigning cons:""
!!!!!!!!s_split returning:""
    dir_lookup_pnum looking for:"40k.txt"
      found it at index 1
write(/40k.txt, 4096 bytes, @4096)
  tree_lookup_pnum at path:"/40k.txt"
s_split enter @:"/40k.txt"
s_split flag 2
s_split enter @:"40k.txt"
s_split flag 2
s_split enter @:""
s_split flag 4
!!!!!s_split assigning cons:"40k.txt"
!!!!!!!!s_split returning:"40k.txt"
s_split flag 4make[1]: Entering directory '/home/arthur/GitProjects/nocabfs'
fusermount -u mnt || true

!!!!!s_split assigning cons:""
!!!!!!!!s_split returning:""
    dir_lookup_pnum looking for:"40k.txt"
      found it at index 1
open(/40k.txt)
getattr(/40k.txt)
  tree_lookup_pnum at path:"/40k.txt"
s_split enter @:"/40k.txt"
s_split flag 2
s_split enter @:"40k.txt"
s_split flag 2
s_split enter @:""
s_split flag 4
!!!!!s_split assigning cons:"40k.txt"
!!!!!!!!s_split returning:"40k.txt"
s_split flag 4
!!!!!s_split assigning cons:""
!!!!!!!!s_split returning:""
    dir_lookup_pnum looking for:"40k.txt"
      found it at index 1
pnum: 3
uid: 1000
mode: 33204
read(/40k.txt, 4096 bytes, @0)
  tree_lookup_pnum at path:"/40k.txt"
s_split enter @:"/40k.txt"
s_split flag 2
s_split enter @:"40k.txt"
s_split flag 2
s_split enter @:""
s_split flag 4
!!!!!s_split assigning cons:"40k.txt"
!!!!!!!!s_split returning:"40k.txt"
s_split flag 4
!!!!!s_split assigning cons:""
!!!!!!!!s_split returning:""
    dir_lookup_pnum looking for:"40k.txt"
      found it at index 1
read(/40k.txt, 4096 bytes, @4096)
  tree_lookup_pnum at path:"/40k.txt"
s_split enter @:"/40k.txt"
s_split flag 2
s_split enter @:"40k.txt"
s_split flag 2
s_split enter @:""
s_split flag 4
!!!!!s_split assigning cons:"40k.txt"
!!!!!!!!s_split returning:"40k.txt"
s_split flag 4
!!!!!s_split assigning cons:""
!!!!!!!!s_split returning:""
    dir_lookup_pnum looking for:"40k.txt"
      found it at index 1
getattr(/40k.txt)
  tree_lookup_pnum at path:"/40k.txt"
s_split enter @:"/40k.txt"
s_split flag 2
s_split enter @:"40k.txt"
s_split flag 2
s_split enter @:""
s_split flag 4
!!!!!s_split assigning cons:"40k.txt"
!!!!!!!!s_split returning:"40k.txt"
s_split flag 4
!!!!!s_split assigning cons:""
!!!!!!!!s_split returning:""
    dir_lookup_pnum looking for:"40k.txt"
      found it at index 1
pnum: 3
uid: 1000
mode: 33204
open(/40k.txt)
read(/40k.txt, 4096 bytes, @0)
  tree_lookup_pnum at path:"/40k.txt"
s_split enter @:"/40k.txt"
s_split flag 2
s_split enter @:"40k.txt"
s_split flag 2
s_split enter @:""
s_split flag 4
!!!!!s_split assigning cons:"40k.txt"
!!!!!!!!s_split returning:"40k.txt"
s_split flag 4
!!!!!s_split assigning cons:""
!!!!!!!!s_split returning:""
    dir_lookup_pnum looking for:"40k.txt"
      found it at index 1
read(/40k.txt, 4096 bytes, @4096)
  tree_lookup_pnum at path:"/40k.txt"
s_split enter @:"/40k.txt"
s_split flag 2
s_split enter @:"40k.txt"
s_split flag 2
s_split enter @:""
s_split flag 4
!!!!!s_split assigning cons:"40k.txt"
!!!!!!!!s_split returning:"40k.txt"
s_split flag 4
!!!!!s_split assigning cons:""
!!!!!!!!s_split returning:""
    dir_lookup_pnum looking for:"40k.txt"
      found it at index 1
make[1]: Leaving directory '/home/arthur/GitProjects/nocabfs'
make[1]: Leaving directory '/home/arthur/GitProjects/nocabfs'
